// Jest Snapshot v1, https://goo.gl/fbAQLP

exports[`Модальное окно рендерится корректно 1`] = `1`;
