// Jest Snapshot v1, https://goo.gl/fbAQLP

exports[`Кнопка добавления пользователя рендерится корректно 1`] = `1`;
