// Jest Snapshot v1, https://goo.gl/fbAQLP

exports[`Главная страница рендерится корректно 1`] = `1`;
